Archive member included to satisfy reference by file (symbol)

c:/program files (x86)/atollic/truestudio for stm32 9.3.0/armtools/bin/../lib/gcc/arm-atollic-eabi/6.3.1/../../../../arm-atollic-eabi/lib/armv7e-m/fpu\libc_nano.a(lib_a-errno.o)
                              Core\Src\syscalls.o (__errno)
c:/program files (x86)/atollic/truestudio for stm32 9.3.0/armtools/bin/../lib/gcc/arm-atollic-eabi/6.3.1/../../../../arm-atollic-eabi/lib/armv7e-m/fpu\libc_nano.a(lib_a-impure.o)
                              c:/program files (x86)/atollic/truestudio for stm32 9.3.0/armtools/bin/../lib/gcc/arm-atollic-eabi/6.3.1/../../../../arm-atollic-eabi/lib/armv7e-m/fpu\libc_nano.a(lib_a-errno.o) (_impure_ptr)
c:/program files (x86)/atollic/truestudio for stm32 9.3.0/armtools/bin/../lib/gcc/arm-atollic-eabi/6.3.1/../../../../arm-atollic-eabi/lib/armv7e-m/fpu\libc_nano.a(lib_a-init.o)
                              startup\startup_stm32f334x8.o (__libc_init_array)

Discarded input sections

 .text          0x00000000        0x0 c:/program files (x86)/atollic/truestudio for stm32 9.3.0/armtools/bin/../lib/gcc/arm-atollic-eabi/6.3.1/armv7e-m/fpu/crti.o
 .data          0x00000000        0x0 c:/program files (x86)/atollic/truestudio for stm32 9.3.0/armtools/bin/../lib/gcc/arm-atollic-eabi/6.3.1/armv7e-m/fpu/crti.o
 .bss           0x00000000        0x0 c:/program files (x86)/atollic/truestudio for stm32 9.3.0/armtools/bin/../lib/gcc/arm-atollic-eabi/6.3.1/armv7e-m/fpu/crti.o
 .data          0x00000000        0x4 c:/program files (x86)/atollic/truestudio for stm32 9.3.0/armtools/bin/../lib/gcc/arm-atollic-eabi/6.3.1/armv7e-m/fpu/crtbegin.o
 .text          0x00000000        0x0 Core\Src\main.o
 .data          0x00000000        0x0 Core\Src\main.o
 .bss           0x00000000        0x0 Core\Src\main.o
 .rodata.CHANNEL_OFFSET_TAB
                0x00000000        0x7 Core\Src\main.o
 .text.Error_Handler
                0x00000000        0x8 Core\Src\main.o
 .text          0x00000000        0x0 Core\Src\stm32f3xx_it.o
 .data          0x00000000        0x0 Core\Src\stm32f3xx_it.o
 .bss           0x00000000        0x0 Core\Src\stm32f3xx_it.o
 .rodata.CHANNEL_OFFSET_TAB
                0x00000000        0x7 Core\Src\stm32f3xx_it.o
 .text          0x00000000        0x0 Core\Src\syscalls.o
 .data          0x00000000        0x0 Core\Src\syscalls.o
 .bss           0x00000000        0x0 Core\Src\syscalls.o
 .bss.__env     0x00000000        0x4 Core\Src\syscalls.o
 .data.environ  0x00000000        0x4 Core\Src\syscalls.o
 .text.initialise_monitor_handles
                0x00000000        0xe Core\Src\syscalls.o
 .text._getpid  0x00000000       0x10 Core\Src\syscalls.o
 .text._kill    0x00000000       0x20 Core\Src\syscalls.o
 .text._exit    0x00000000       0x14 Core\Src\syscalls.o
 .text._read    0x00000000       0x3a Core\Src\syscalls.o
 .text._write   0x00000000       0x38 Core\Src\syscalls.o
 .bss.heap_end.7010
                0x00000000        0x4 Core\Src\syscalls.o
 .text._sbrk    0x00000000       0x58 Core\Src\syscalls.o
 .text._close   0x00000000       0x18 Core\Src\syscalls.o
 .text._fstat   0x00000000       0x20 Core\Src\syscalls.o
 .text._isatty  0x00000000       0x16 Core\Src\syscalls.o
 .text._lseek   0x00000000       0x1a Core\Src\syscalls.o
 .text._open    0x00000000       0x1c Core\Src\syscalls.o
 .text._wait    0x00000000       0x1e Core\Src\syscalls.o
 .text._unlink  0x00000000       0x1e Core\Src\syscalls.o
 .text._times   0x00000000       0x18 Core\Src\syscalls.o
 .text._stat    0x00000000       0x20 Core\Src\syscalls.o
 .text._link    0x00000000       0x20 Core\Src\syscalls.o
 .text._fork    0x00000000       0x16 Core\Src\syscalls.o
 .text._execve  0x00000000       0x22 Core\Src\syscalls.o
 .debug_info    0x00000000      0xf16 Core\Src\syscalls.o
 .debug_abbrev  0x00000000      0x271 Core\Src\syscalls.o
 .debug_aranges
                0x00000000       0xb0 Core\Src\syscalls.o
 .debug_ranges  0x00000000       0xa0 Core\Src\syscalls.o
 .debug_line    0x00000000      0x3dd Core\Src\syscalls.o
 .debug_str     0x00000000      0x888 Core\Src\syscalls.o
 .comment       0x00000000       0x7d Core\Src\syscalls.o
 .debug_frame   0x00000000      0x2d4 Core\Src\syscalls.o
 .ARM.attributes
                0x00000000       0x39 Core\Src\syscalls.o
 .text          0x00000000        0x0 Core\Src\system_stm32f3xx.o
 .data          0x00000000        0x0 Core\Src\system_stm32f3xx.o
 .bss           0x00000000        0x0 Core\Src\system_stm32f3xx.o
 .rodata.AHBPrescTable
                0x00000000       0x10 Core\Src\system_stm32f3xx.o
 .rodata.APBPrescTable
                0x00000000        0x8 Core\Src\system_stm32f3xx.o
 .text.SystemCoreClockUpdate
                0x00000000       0xd4 Core\Src\system_stm32f3xx.o
 .text          0x00000000        0x0 Drivers\STM32F3xx_HAL_Driver\Src\stm32f3xx_ll_exti.o
 .data          0x00000000        0x0 Drivers\STM32F3xx_HAL_Driver\Src\stm32f3xx_ll_exti.o
 .bss           0x00000000        0x0 Drivers\STM32F3xx_HAL_Driver\Src\stm32f3xx_ll_exti.o
 .text.LL_EXTI_EnableIT_0_31
                0x00000000       0x24 Drivers\STM32F3xx_HAL_Driver\Src\stm32f3xx_ll_exti.o
 .text.LL_EXTI_EnableIT_32_63
                0x00000000       0x24 Drivers\STM32F3xx_HAL_Driver\Src\stm32f3xx_ll_exti.o
 .text.LL_EXTI_DisableIT_0_31
                0x00000000       0x28 Drivers\STM32F3xx_HAL_Driver\Src\stm32f3xx_ll_exti.o
 .text.LL_EXTI_DisableIT_32_63
                0x00000000       0x28 Drivers\STM32F3xx_HAL_Driver\Src\stm32f3xx_ll_exti.o
 .text.LL_EXTI_EnableEvent_0_31
                0x00000000       0x24 Drivers\STM32F3xx_HAL_Driver\Src\stm32f3xx_ll_exti.o
 .text.LL_EXTI_EnableEvent_32_63
                0x00000000       0x24 Drivers\STM32F3xx_HAL_Driver\Src\stm32f3xx_ll_exti.o
 .text.LL_EXTI_DisableEvent_0_31
                0x00000000       0x28 Drivers\STM32F3xx_HAL_Driver\Src\stm32f3xx_ll_exti.o
 .text.LL_EXTI_DisableEvent_32_63
                0x00000000       0x28 Drivers\STM32F3xx_HAL_Driver\Src\stm32f3xx_ll_exti.o
 .text.LL_EXTI_EnableRisingTrig_0_31
                0x00000000       0x24 Drivers\STM32F3xx_HAL_Driver\Src\stm32f3xx_ll_exti.o
 .text.LL_EXTI_EnableRisingTrig_32_63
                0x00000000       0x24 Drivers\STM32F3xx_HAL_Driver\Src\stm32f3xx_ll_exti.o
 .text.LL_EXTI_DisableRisingTrig_0_31
                0x00000000       0x28 Drivers\STM32F3xx_HAL_Driver\Src\stm32f3xx_ll_exti.o
 .text.LL_EXTI_DisableRisingTrig_32_63
                0x00000000       0x28 Drivers\STM32F3xx_HAL_Driver\Src\stm32f3xx_ll_exti.o
 .text.LL_EXTI_EnableFallingTrig_0_31
                0x00000000       0x24 Drivers\STM32F3xx_HAL_Driver\Src\stm32f3xx_ll_exti.o
 .text.LL_EXTI_EnableFallingTrig_32_63
                0x00000000       0x24 Drivers\STM32F3xx_HAL_Driver\Src\stm32f3xx_ll_exti.o
 .text.LL_EXTI_DisableFallingTrig_0_31
                0x00000000       0x28 Drivers\STM32F3xx_HAL_Driver\Src\stm32f3xx_ll_exti.o
 .text.LL_EXTI_DisableFallingTrig_32_63
                0x00000000       0x28 Drivers\STM32F3xx_HAL_Driver\Src\stm32f3xx_ll_exti.o
 .text.LL_EXTI_DeInit
                0x00000000       0x64 Drivers\STM32F3xx_HAL_Driver\Src\stm32f3xx_ll_exti.o
 .text.LL_EXTI_Init
                0x00000000      0x1ca Drivers\STM32F3xx_HAL_Driver\Src\stm32f3xx_ll_exti.o
 .text.LL_EXTI_StructInit
                0x00000000       0x32 Drivers\STM32F3xx_HAL_Driver\Src\stm32f3xx_ll_exti.o
 .debug_info    0x00000000      0x551 Drivers\STM32F3xx_HAL_Driver\Src\stm32f3xx_ll_exti.o
 .debug_abbrev  0x00000000      0x199 Drivers\STM32F3xx_HAL_Driver\Src\stm32f3xx_ll_exti.o
 .debug_aranges
                0x00000000       0xb0 Drivers\STM32F3xx_HAL_Driver\Src\stm32f3xx_ll_exti.o
 .debug_ranges  0x00000000       0xa0 Drivers\STM32F3xx_HAL_Driver\Src\stm32f3xx_ll_exti.o
 .debug_line    0x00000000      0x3ac Drivers\STM32F3xx_HAL_Driver\Src\stm32f3xx_ll_exti.o
 .debug_str     0x00000000      0x533 Drivers\STM32F3xx_HAL_Driver\Src\stm32f3xx_ll_exti.o
 .comment       0x00000000       0x7d Drivers\STM32F3xx_HAL_Driver\Src\stm32f3xx_ll_exti.o
 .debug_frame   0x00000000      0x2fc Drivers\STM32F3xx_HAL_Driver\Src\stm32f3xx_ll_exti.o
 .ARM.attributes
                0x00000000       0x39 Drivers\STM32F3xx_HAL_Driver\Src\stm32f3xx_ll_exti.o
 .text          0x00000000        0x0 Drivers\STM32F3xx_HAL_Driver\Src\stm32f3xx_ll_gpio.o
 .data          0x00000000        0x0 Drivers\STM32F3xx_HAL_Driver\Src\stm32f3xx_ll_gpio.o
 .bss           0x00000000        0x0 Drivers\STM32F3xx_HAL_Driver\Src\stm32f3xx_ll_gpio.o
 .text.LL_GPIO_SetPinMode
                0x00000000       0x5e Drivers\STM32F3xx_HAL_Driver\Src\stm32f3xx_ll_gpio.o
 .text.LL_GPIO_SetPinOutputType
                0x00000000       0x30 Drivers\STM32F3xx_HAL_Driver\Src\stm32f3xx_ll_gpio.o
 .text.LL_GPIO_SetPinSpeed
                0x00000000       0x5e Drivers\STM32F3xx_HAL_Driver\Src\stm32f3xx_ll_gpio.o
 .text.LL_GPIO_SetPinPull
                0x00000000       0x5e Drivers\STM32F3xx_HAL_Driver\Src\stm32f3xx_ll_gpio.o
 .text.LL_GPIO_SetAFPin_0_7
                0x00000000       0x5e Drivers\STM32F3xx_HAL_Driver\Src\stm32f3xx_ll_gpio.o
 .text.LL_GPIO_SetAFPin_8_15
                0x00000000       0x62 Drivers\STM32F3xx_HAL_Driver\Src\stm32f3xx_ll_gpio.o
 .text.LL_AHB1_GRP1_ForceReset
                0x00000000       0x24 Drivers\STM32F3xx_HAL_Driver\Src\stm32f3xx_ll_gpio.o
 .text.LL_AHB1_GRP1_ReleaseReset
                0x00000000       0x28 Drivers\STM32F3xx_HAL_Driver\Src\stm32f3xx_ll_gpio.o
 .text.LL_GPIO_DeInit
                0x00000000       0xac Drivers\STM32F3xx_HAL_Driver\Src\stm32f3xx_ll_gpio.o
 .text.LL_GPIO_Init
                0x00000000       0xe0 Drivers\STM32F3xx_HAL_Driver\Src\stm32f3xx_ll_gpio.o
 .text.LL_GPIO_StructInit
                0x00000000       0x3a Drivers\STM32F3xx_HAL_Driver\Src\stm32f3xx_ll_gpio.o
 .debug_info    0x00000000      0x7e4 Drivers\STM32F3xx_HAL_Driver\Src\stm32f3xx_ll_gpio.o
 .debug_abbrev  0x00000000      0x20d Drivers\STM32F3xx_HAL_Driver\Src\stm32f3xx_ll_gpio.o
 .debug_aranges
                0x00000000       0x70 Drivers\STM32F3xx_HAL_Driver\Src\stm32f3xx_ll_gpio.o
 .debug_ranges  0x00000000       0x60 Drivers\STM32F3xx_HAL_Driver\Src\stm32f3xx_ll_gpio.o
 .debug_line    0x00000000      0x3e0 Drivers\STM32F3xx_HAL_Driver\Src\stm32f3xx_ll_gpio.o
 .debug_str     0x00000000      0x465 Drivers\STM32F3xx_HAL_Driver\Src\stm32f3xx_ll_gpio.o
 .comment       0x00000000       0x7d Drivers\STM32F3xx_HAL_Driver\Src\stm32f3xx_ll_gpio.o
 .debug_frame   0x00000000      0x1c0 Drivers\STM32F3xx_HAL_Driver\Src\stm32f3xx_ll_gpio.o
 .ARM.attributes
                0x00000000       0x39 Drivers\STM32F3xx_HAL_Driver\Src\stm32f3xx_ll_gpio.o
 .text          0x00000000        0x0 Drivers\STM32F3xx_HAL_Driver\Src\stm32f3xx_ll_rcc.o
 .data          0x00000000        0x0 Drivers\STM32F3xx_HAL_Driver\Src\stm32f3xx_ll_rcc.o
 .bss           0x00000000        0x0 Drivers\STM32F3xx_HAL_Driver\Src\stm32f3xx_ll_rcc.o
 .text.LL_RCC_HSE_DisableBypass
                0x00000000       0x20 Drivers\STM32F3xx_HAL_Driver\Src\stm32f3xx_ll_rcc.o
 .text.LL_RCC_HSI_Enable
                0x00000000       0x20 Drivers\STM32F3xx_HAL_Driver\Src\stm32f3xx_ll_rcc.o
 .text.LL_RCC_HSI_IsReady
                0x00000000       0x24 Drivers\STM32F3xx_HAL_Driver\Src\stm32f3xx_ll_rcc.o
 .text.LL_RCC_HSI_SetCalibTrimming
                0x00000000       0x2c Drivers\STM32F3xx_HAL_Driver\Src\stm32f3xx_ll_rcc.o
 .text.LL_RCC_LSE_IsReady
                0x00000000       0x24 Drivers\STM32F3xx_HAL_Driver\Src\stm32f3xx_ll_rcc.o
 .text.LL_RCC_GetSysClkSource
                0x00000000       0x1c Drivers\STM32F3xx_HAL_Driver\Src\stm32f3xx_ll_rcc.o
 .text.LL_RCC_GetAHBPrescaler
                0x00000000       0x1c Drivers\STM32F3xx_HAL_Driver\Src\stm32f3xx_ll_rcc.o
 .text.LL_RCC_GetAPB1Prescaler
                0x00000000       0x1c Drivers\STM32F3xx_HAL_Driver\Src\stm32f3xx_ll_rcc.o
 .text.LL_RCC_GetAPB2Prescaler
                0x00000000       0x1c Drivers\STM32F3xx_HAL_Driver\Src\stm32f3xx_ll_rcc.o
 .text.LL_RCC_GetUSARTClockSource
                0x00000000       0x2c Drivers\STM32F3xx_HAL_Driver\Src\stm32f3xx_ll_rcc.o
 .text.LL_RCC_GetI2CClockSource
                0x00000000       0x28 Drivers\STM32F3xx_HAL_Driver\Src\stm32f3xx_ll_rcc.o
 .text.LL_RCC_GetTIMClockSource
                0x00000000       0x30 Drivers\STM32F3xx_HAL_Driver\Src\stm32f3xx_ll_rcc.o
 .text.LL_RCC_GetHRTIMClockSource
                0x00000000       0x20 Drivers\STM32F3xx_HAL_Driver\Src\stm32f3xx_ll_rcc.o
 .text.LL_RCC_GetADCClockSource
                0x00000000       0x20 Drivers\STM32F3xx_HAL_Driver\Src\stm32f3xx_ll_rcc.o
 .text.LL_RCC_PLL_IsReady
                0x00000000       0x28 Drivers\STM32F3xx_HAL_Driver\Src\stm32f3xx_ll_rcc.o
 .text.LL_RCC_PLL_GetMainSource
                0x00000000       0x1c Drivers\STM32F3xx_HAL_Driver\Src\stm32f3xx_ll_rcc.o
 .text.LL_RCC_PLL_GetMultiplicator
                0x00000000       0x1c Drivers\STM32F3xx_HAL_Driver\Src\stm32f3xx_ll_rcc.o
 .text.LL_RCC_PLL_GetPrediv
                0x00000000       0x1c Drivers\STM32F3xx_HAL_Driver\Src\stm32f3xx_ll_rcc.o
 .text.LL_RCC_ClearResetFlags
                0x00000000       0x20 Drivers\STM32F3xx_HAL_Driver\Src\stm32f3xx_ll_rcc.o
 .rodata.aADCPrescTable
                0x00000000       0x20 Drivers\STM32F3xx_HAL_Driver\Src\stm32f3xx_ll_rcc.o
 .text.LL_RCC_DeInit
                0x00000000       0xa0 Drivers\STM32F3xx_HAL_Driver\Src\stm32f3xx_ll_rcc.o
 .text.LL_RCC_GetSystemClocksFreq
                0x00000000       0x4a Drivers\STM32F3xx_HAL_Driver\Src\stm32f3xx_ll_rcc.o
 .text.LL_RCC_GetUSARTClockFreq
                0x00000000       0x7c Drivers\STM32F3xx_HAL_Driver\Src\stm32f3xx_ll_rcc.o
 .text.LL_RCC_GetI2CClockFreq
                0x00000000       0x4c Drivers\STM32F3xx_HAL_Driver\Src\stm32f3xx_ll_rcc.o
 .text.LL_RCC_GetADCClockFreq
                0x00000000       0x80 Drivers\STM32F3xx_HAL_Driver\Src\stm32f3xx_ll_rcc.o
 .text.LL_RCC_GetTIMClockFreq
                0x00000000       0x46 Drivers\STM32F3xx_HAL_Driver\Src\stm32f3xx_ll_rcc.o
 .text.LL_RCC_GetHRTIMClockFreq
                0x00000000       0x42 Drivers\STM32F3xx_HAL_Driver\Src\stm32f3xx_ll_rcc.o
 .text.RCC_GetSystemClockFreq
                0x00000000       0x44 Drivers\STM32F3xx_HAL_Driver\Src\stm32f3xx_ll_rcc.o
 .text.RCC_GetHCLKClockFreq
                0x00000000       0x2c Drivers\STM32F3xx_HAL_Driver\Src\stm32f3xx_ll_rcc.o
 .text.RCC_GetPCLK1ClockFreq
                0x00000000       0x28 Drivers\STM32F3xx_HAL_Driver\Src\stm32f3xx_ll_rcc.o
 .text.RCC_GetPCLK2ClockFreq
                0x00000000       0x28 Drivers\STM32F3xx_HAL_Driver\Src\stm32f3xx_ll_rcc.o
 .text.RCC_PLL_GetFreqDomain_SYS
                0x00000000       0x7c Drivers\STM32F3xx_HAL_Driver\Src\stm32f3xx_ll_rcc.o
 .debug_info    0x00000000      0x769 Drivers\STM32F3xx_HAL_Driver\Src\stm32f3xx_ll_rcc.o
 .debug_abbrev  0x00000000      0x233 Drivers\STM32F3xx_HAL_Driver\Src\stm32f3xx_ll_rcc.o
 .debug_aranges
                0x00000000      0x110 Drivers\STM32F3xx_HAL_Driver\Src\stm32f3xx_ll_rcc.o
 .debug_ranges  0x00000000      0x100 Drivers\STM32F3xx_HAL_Driver\Src\stm32f3xx_ll_rcc.o
 .debug_line    0x00000000      0x4e3 Drivers\STM32F3xx_HAL_Driver\Src\stm32f3xx_ll_rcc.o
 .debug_str     0x00000000      0x70f Drivers\STM32F3xx_HAL_Driver\Src\stm32f3xx_ll_rcc.o
 .comment       0x00000000       0x7d Drivers\STM32F3xx_HAL_Driver\Src\stm32f3xx_ll_rcc.o
 .debug_frame   0x00000000      0x454 Drivers\STM32F3xx_HAL_Driver\Src\stm32f3xx_ll_rcc.o
 .ARM.attributes
                0x00000000       0x39 Drivers\STM32F3xx_HAL_Driver\Src\stm32f3xx_ll_rcc.o
 .text          0x00000000        0x0 Drivers\STM32F3xx_HAL_Driver\Src\stm32f3xx_ll_utils.o
 .data          0x00000000        0x0 Drivers\STM32F3xx_HAL_Driver\Src\stm32f3xx_ll_utils.o
 .bss           0x00000000        0x0 Drivers\STM32F3xx_HAL_Driver\Src\stm32f3xx_ll_utils.o
 .text.LL_RCC_HSE_EnableBypass
                0x00000000       0x20 Drivers\STM32F3xx_HAL_Driver\Src\stm32f3xx_ll_utils.o
 .text.LL_RCC_HSE_DisableBypass
                0x00000000       0x20 Drivers\STM32F3xx_HAL_Driver\Src\stm32f3xx_ll_utils.o
 .text.LL_RCC_HSE_Enable
                0x00000000       0x20 Drivers\STM32F3xx_HAL_Driver\Src\stm32f3xx_ll_utils.o
 .text.LL_RCC_HSE_IsReady
                0x00000000       0x28 Drivers\STM32F3xx_HAL_Driver\Src\stm32f3xx_ll_utils.o
 .text.LL_RCC_HSI_Enable
                0x00000000       0x20 Drivers\STM32F3xx_HAL_Driver\Src\stm32f3xx_ll_utils.o
 .text.LL_RCC_HSI_IsReady
                0x00000000       0x24 Drivers\STM32F3xx_HAL_Driver\Src\stm32f3xx_ll_utils.o
 .text.LL_RCC_SetSysClkSource
                0x00000000       0x28 Drivers\STM32F3xx_HAL_Driver\Src\stm32f3xx_ll_utils.o
 .text.LL_RCC_GetSysClkSource
                0x00000000       0x1c Drivers\STM32F3xx_HAL_Driver\Src\stm32f3xx_ll_utils.o
 .text.LL_RCC_SetAHBPrescaler
                0x00000000       0x28 Drivers\STM32F3xx_HAL_Driver\Src\stm32f3xx_ll_utils.o
 .text.LL_RCC_SetAPB1Prescaler
                0x00000000       0x28 Drivers\STM32F3xx_HAL_Driver\Src\stm32f3xx_ll_utils.o
 .text.LL_RCC_SetAPB2Prescaler
                0x00000000       0x28 Drivers\STM32F3xx_HAL_Driver\Src\stm32f3xx_ll_utils.o
 .text.LL_RCC_GetAHBPrescaler
                0x00000000       0x1c Drivers\STM32F3xx_HAL_Driver\Src\stm32f3xx_ll_utils.o
 .text.LL_RCC_PLL_Enable
                0x00000000       0x20 Drivers\STM32F3xx_HAL_Driver\Src\stm32f3xx_ll_utils.o
 .text.LL_RCC_PLL_IsReady
                0x00000000       0x28 Drivers\STM32F3xx_HAL_Driver\Src\stm32f3xx_ll_utils.o
 .text.LL_RCC_PLL_ConfigDomain_SYS
                0x00000000       0x48 Drivers\STM32F3xx_HAL_Driver\Src\stm32f3xx_ll_utils.o
 .text.LL_FLASH_SetLatency
                0x00000000       0x28 Drivers\STM32F3xx_HAL_Driver\Src\stm32f3xx_ll_utils.o
 .text.LL_FLASH_GetLatency
                0x00000000       0x1c Drivers\STM32F3xx_HAL_Driver\Src\stm32f3xx_ll_utils.o
 .text.LL_mDelay
                0x00000000       0x48 Drivers\STM32F3xx_HAL_Driver\Src\stm32f3xx_ll_utils.o
 .text.LL_SetFlashLatency
                0x00000000       0x88 Drivers\STM32F3xx_HAL_Driver\Src\stm32f3xx_ll_utils.o
 .text.LL_PLL_ConfigSystemClock_HSI
                0x00000000       0x74 Drivers\STM32F3xx_HAL_Driver\Src\stm32f3xx_ll_utils.o
 .text.LL_PLL_ConfigSystemClock_HSE
                0x00000000       0x84 Drivers\STM32F3xx_HAL_Driver\Src\stm32f3xx_ll_utils.o
 .text.UTILS_GetPLLOutputFrequency
                0x00000000       0x50 Drivers\STM32F3xx_HAL_Driver\Src\stm32f3xx_ll_utils.o
 .text.UTILS_PLL_IsBusy
                0x00000000       0x22 Drivers\STM32F3xx_HAL_Driver\Src\stm32f3xx_ll_utils.o
 .text.UTILS_EnablePLLAndSwitchSystem
                0x00000000       0xdc Drivers\STM32F3xx_HAL_Driver\Src\stm32f3xx_ll_utils.o
 .text          0x00000000        0x0 HAL\HAL_LCD.o
 .data          0x00000000        0x0 HAL\HAL_LCD.o
 .bss           0x00000000        0x0 HAL\HAL_LCD.o
 .debug_line    0x00000000        0x0 HAL\HAL_LCD.o
 .debug_str     0x00000000      0x136 HAL\HAL_LCD.o
 .comment       0x00000000       0x7d HAL\HAL_LCD.o
 .ARM.attributes
                0x00000000       0x39 HAL\HAL_LCD.o
 .text          0x00000000       0x14 startup\startup_stm32f334x8.o
 .data          0x00000000        0x0 startup\startup_stm32f334x8.o
 .bss           0x00000000        0x0 startup\startup_stm32f334x8.o
 .text          0x00000000        0x0 c:/program files (x86)/atollic/truestudio for stm32 9.3.0/armtools/bin/../lib/gcc/arm-atollic-eabi/6.3.1/../../../../arm-atollic-eabi/lib/armv7e-m/fpu\libc_nano.a(lib_a-errno.o)
 .data          0x00000000        0x0 c:/program files (x86)/atollic/truestudio for stm32 9.3.0/armtools/bin/../lib/gcc/arm-atollic-eabi/6.3.1/../../../../arm-atollic-eabi/lib/armv7e-m/fpu\libc_nano.a(lib_a-errno.o)
 .bss           0x00000000        0x0 c:/program files (x86)/atollic/truestudio for stm32 9.3.0/armtools/bin/../lib/gcc/arm-atollic-eabi/6.3.1/../../../../arm-atollic-eabi/lib/armv7e-m/fpu\libc_nano.a(lib_a-errno.o)
 .text.__errno  0x00000000        0xc c:/program files (x86)/atollic/truestudio for stm32 9.3.0/armtools/bin/../lib/gcc/arm-atollic-eabi/6.3.1/../../../../arm-atollic-eabi/lib/armv7e-m/fpu\libc_nano.a(lib_a-errno.o)
 .debug_frame   0x00000000       0x20 c:/program files (x86)/atollic/truestudio for stm32 9.3.0/armtools/bin/../lib/gcc/arm-atollic-eabi/6.3.1/../../../../arm-atollic-eabi/lib/armv7e-m/fpu\libc_nano.a(lib_a-errno.o)
 .ARM.attributes
                0x00000000       0x34 c:/program files (x86)/atollic/truestudio for stm32 9.3.0/armtools/bin/../lib/gcc/arm-atollic-eabi/6.3.1/../../../../arm-atollic-eabi/lib/armv7e-m/fpu\libc_nano.a(lib_a-errno.o)
 .text          0x00000000        0x0 c:/program files (x86)/atollic/truestudio for stm32 9.3.0/armtools/bin/../lib/gcc/arm-atollic-eabi/6.3.1/../../../../arm-atollic-eabi/lib/armv7e-m/fpu\libc_nano.a(lib_a-impure.o)
 .data          0x00000000        0x0 c:/program files (x86)/atollic/truestudio for stm32 9.3.0/armtools/bin/../lib/gcc/arm-atollic-eabi/6.3.1/../../../../arm-atollic-eabi/lib/armv7e-m/fpu\libc_nano.a(lib_a-impure.o)
 .bss           0x00000000        0x0 c:/program files (x86)/atollic/truestudio for stm32 9.3.0/armtools/bin/../lib/gcc/arm-atollic-eabi/6.3.1/../../../../arm-atollic-eabi/lib/armv7e-m/fpu\libc_nano.a(lib_a-impure.o)
 .data._impure_ptr
                0x00000000        0x4 c:/program files (x86)/atollic/truestudio for stm32 9.3.0/armtools/bin/../lib/gcc/arm-atollic-eabi/6.3.1/../../../../arm-atollic-eabi/lib/armv7e-m/fpu\libc_nano.a(lib_a-impure.o)
 .data.impure_data
                0x00000000       0x60 c:/program files (x86)/atollic/truestudio for stm32 9.3.0/armtools/bin/../lib/gcc/arm-atollic-eabi/6.3.1/../../../../arm-atollic-eabi/lib/armv7e-m/fpu\libc_nano.a(lib_a-impure.o)
 .rodata._global_impure_ptr
                0x00000000        0x4 c:/program files (x86)/atollic/truestudio for stm32 9.3.0/armtools/bin/../lib/gcc/arm-atollic-eabi/6.3.1/../../../../arm-atollic-eabi/lib/armv7e-m/fpu\libc_nano.a(lib_a-impure.o)
 .ARM.attributes
                0x00000000       0x34 c:/program files (x86)/atollic/truestudio for stm32 9.3.0/armtools/bin/../lib/gcc/arm-atollic-eabi/6.3.1/../../../../arm-atollic-eabi/lib/armv7e-m/fpu\libc_nano.a(lib_a-impure.o)
 .text          0x00000000        0x0 c:/program files (x86)/atollic/truestudio for stm32 9.3.0/armtools/bin/../lib/gcc/arm-atollic-eabi/6.3.1/../../../../arm-atollic-eabi/lib/armv7e-m/fpu\libc_nano.a(lib_a-init.o)
 .data          0x00000000        0x0 c:/program files (x86)/atollic/truestudio for stm32 9.3.0/armtools/bin/../lib/gcc/arm-atollic-eabi/6.3.1/../../../../arm-atollic-eabi/lib/armv7e-m/fpu\libc_nano.a(lib_a-init.o)
 .bss           0x00000000        0x0 c:/program files (x86)/atollic/truestudio for stm32 9.3.0/armtools/bin/../lib/gcc/arm-atollic-eabi/6.3.1/../../../../arm-atollic-eabi/lib/armv7e-m/fpu\libc_nano.a(lib_a-init.o)
 .text          0x00000000        0x0 c:/program files (x86)/atollic/truestudio for stm32 9.3.0/armtools/bin/../lib/gcc/arm-atollic-eabi/6.3.1/armv7e-m/fpu/crtend.o
 .data          0x00000000        0x0 c:/program files (x86)/atollic/truestudio for stm32 9.3.0/armtools/bin/../lib/gcc/arm-atollic-eabi/6.3.1/armv7e-m/fpu/crtend.o
 .bss           0x00000000        0x0 c:/program files (x86)/atollic/truestudio for stm32 9.3.0/armtools/bin/../lib/gcc/arm-atollic-eabi/6.3.1/armv7e-m/fpu/crtend.o
 .eh_frame      0x00000000        0x4 c:/program files (x86)/atollic/truestudio for stm32 9.3.0/armtools/bin/../lib/gcc/arm-atollic-eabi/6.3.1/armv7e-m/fpu/crtend.o
 .ARM.attributes
                0x00000000       0x34 c:/program files (x86)/atollic/truestudio for stm32 9.3.0/armtools/bin/../lib/gcc/arm-atollic-eabi/6.3.1/armv7e-m/fpu/crtend.o
 .text          0x00000000        0x0 c:/program files (x86)/atollic/truestudio for stm32 9.3.0/armtools/bin/../lib/gcc/arm-atollic-eabi/6.3.1/armv7e-m/fpu/crtn.o
 .data          0x00000000        0x0 c:/program files (x86)/atollic/truestudio for stm32 9.3.0/armtools/bin/../lib/gcc/arm-atollic-eabi/6.3.1/armv7e-m/fpu/crtn.o
 .bss           0x00000000        0x0 c:/program files (x86)/atollic/truestudio for stm32 9.3.0/armtools/bin/../lib/gcc/arm-atollic-eabi/6.3.1/armv7e-m/fpu/crtn.o

Memory Configuration

Name             Origin             Length             Attributes
FLASH            0x08000000         0x00010000         xr
RAM              0x20000000         0x00003000         xrw
MEMORY_B1        0x60000000         0x00000000         xr
CCMRAM           0x10000000         0x00002000         rw
*default*        0x00000000         0xffffffff

Linker script and memory map

LOAD c:/program files (x86)/atollic/truestudio for stm32 9.3.0/armtools/bin/../lib/gcc/arm-atollic-eabi/6.3.1/armv7e-m/fpu/crti.o
LOAD c:/program files (x86)/atollic/truestudio for stm32 9.3.0/armtools/bin/../lib/gcc/arm-atollic-eabi/6.3.1/armv7e-m/fpu/crtbegin.o
LOAD Core\Src\main.o
LOAD Core\Src\stm32f3xx_it.o
LOAD Core\Src\syscalls.o
LOAD Core\Src\system_stm32f3xx.o
LOAD Drivers\STM32F3xx_HAL_Driver\Src\stm32f3xx_ll_exti.o
LOAD Drivers\STM32F3xx_HAL_Driver\Src\stm32f3xx_ll_gpio.o
LOAD Drivers\STM32F3xx_HAL_Driver\Src\stm32f3xx_ll_rcc.o
LOAD Drivers\STM32F3xx_HAL_Driver\Src\stm32f3xx_ll_utils.o
LOAD HAL\HAL_LCD.o
LOAD startup\startup_stm32f334x8.o
                0x00000080                malloc_getpagesize_P = 0x80
START GROUP
LOAD c:/program files (x86)/atollic/truestudio for stm32 9.3.0/armtools/bin/../lib/gcc/arm-atollic-eabi/6.3.1/../../../../arm-atollic-eabi/lib/armv7e-m/fpu\libc_nano.a
LOAD c:/program files (x86)/atollic/truestudio for stm32 9.3.0/armtools/bin/../lib/gcc/arm-atollic-eabi/6.3.1/../../../../arm-atollic-eabi/lib/armv7e-m/fpu\libm.a
END GROUP
START GROUP
LOAD c:/program files (x86)/atollic/truestudio for stm32 9.3.0/armtools/bin/../lib/gcc/arm-atollic-eabi/6.3.1/armv7e-m/fpu\libgcc.a
LOAD c:/program files (x86)/atollic/truestudio for stm32 9.3.0/armtools/bin/../lib/gcc/arm-atollic-eabi/6.3.1/../../../../arm-atollic-eabi/lib/armv7e-m/fpu\libc_nano.a
END GROUP
START GROUP
LOAD c:/program files (x86)/atollic/truestudio for stm32 9.3.0/armtools/bin/../lib/gcc/arm-atollic-eabi/6.3.1/armv7e-m/fpu\libgcc.a
LOAD c:/program files (x86)/atollic/truestudio for stm32 9.3.0/armtools/bin/../lib/gcc/arm-atollic-eabi/6.3.1/../../../../arm-atollic-eabi/lib/armv7e-m/fpu\libc_nano.a
LOAD c:/program files (x86)/atollic/truestudio for stm32 9.3.0/armtools/bin/../lib/gcc/arm-atollic-eabi/6.3.1/../../../../arm-atollic-eabi/lib/armv7e-m/fpu\libnosys.a
END GROUP
START GROUP
LOAD c:/program files (x86)/atollic/truestudio for stm32 9.3.0/armtools/bin/../lib/gcc/arm-atollic-eabi/6.3.1/armv7e-m/fpu\libgcc.a
LOAD c:/program files (x86)/atollic/truestudio for stm32 9.3.0/armtools/bin/../lib/gcc/arm-atollic-eabi/6.3.1/../../../../arm-atollic-eabi/lib/armv7e-m/fpu\libc_nano.a
LOAD c:/program files (x86)/atollic/truestudio for stm32 9.3.0/armtools/bin/../lib/gcc/arm-atollic-eabi/6.3.1/../../../../arm-atollic-eabi/lib/armv7e-m/fpu\libnosys.a
END GROUP
LOAD c:/program files (x86)/atollic/truestudio for stm32 9.3.0/armtools/bin/../lib/gcc/arm-atollic-eabi/6.3.1/armv7e-m/fpu/crtend.o
LOAD c:/program files (x86)/atollic/truestudio for stm32 9.3.0/armtools/bin/../lib/gcc/arm-atollic-eabi/6.3.1/armv7e-m/fpu/crtn.o
                0x20003000                _estack = 0x20003000
                0x00000000                _Min_Heap_Size = 0x0
                0x00000080                _Min_Stack_Size = 0x80

.isr_vector     0x08000000      0x188
                0x08000000                . = ALIGN (0x4)
 *(.isr_vector)
 .isr_vector    0x08000000      0x188 startup\startup_stm32f334x8.o
                0x08000000                g_pfnVectors
                0x08000188                . = ALIGN (0x4)

.text           0x08000188      0x56c
                0x08000188                . = ALIGN (0x4)
 *(.text)
 .text          0x08000188       0x40 c:/program files (x86)/atollic/truestudio for stm32 9.3.0/armtools/bin/../lib/gcc/arm-atollic-eabi/6.3.1/armv7e-m/fpu/crtbegin.o
 *(.text*)
 .text.__NVIC_SetPriorityGrouping
                0x080001c8       0x48 Core\Src\main.o
 .text.__NVIC_GetPriorityGrouping
                0x08000210       0x1c Core\Src\main.o
 .text.__NVIC_SetPriority
                0x0800022c       0x54 Core\Src\main.o
 .text.NVIC_EncodePriority
                0x08000280       0x62 Core\Src\main.o
 *fill*         0x080002e2        0x2 
 .text.LL_RCC_HSI_Enable
                0x080002e4       0x20 Core\Src\main.o
 .text.LL_RCC_HSI_IsReady
                0x08000304       0x24 Core\Src\main.o
 .text.LL_RCC_HSI_SetCalibTrimming
                0x08000328       0x2c Core\Src\main.o
 .text.LL_RCC_SetSysClkSource
                0x08000354       0x28 Core\Src\main.o
 .text.LL_RCC_GetSysClkSource
                0x0800037c       0x1c Core\Src\main.o
 .text.LL_RCC_SetAHBPrescaler
                0x08000398       0x28 Core\Src\main.o
 .text.LL_RCC_SetAPB1Prescaler
                0x080003c0       0x28 Core\Src\main.o
 .text.LL_RCC_SetAPB2Prescaler
                0x080003e8       0x28 Core\Src\main.o
 .text.LL_APB1_GRP1_EnableClock
                0x08000410       0x30 Core\Src\main.o
 .text.LL_APB2_GRP1_EnableClock
                0x08000440       0x30 Core\Src\main.o
 .text.LL_FLASH_SetLatency
                0x08000470       0x28 Core\Src\main.o
 .text.LL_FLASH_GetLatency
                0x08000498       0x1c Core\Src\main.o
 .text.main     0x080004b4       0x3a Core\Src\main.o
                0x080004b4                main
 *fill*         0x080004ee        0x2 
 .text.SystemClock_Config
                0x080004f0       0x64 Core\Src\main.o
                0x080004f0                SystemClock_Config
 .text.NMI_Handler
                0x08000554        0x6 Core\Src\stm32f3xx_it.o
                0x08000554                NMI_Handler
 .text.HardFault_Handler
                0x0800055a        0x6 Core\Src\stm32f3xx_it.o
                0x0800055a                HardFault_Handler
 .text.MemManage_Handler
                0x08000560        0x6 Core\Src\stm32f3xx_it.o
                0x08000560                MemManage_Handler
 .text.BusFault_Handler
                0x08000566        0x6 Core\Src\stm32f3xx_it.o
                0x08000566                BusFault_Handler
 .text.UsageFault_Handler
                0x0800056c        0x6 Core\Src\stm32f3xx_it.o
                0x0800056c                UsageFault_Handler
 .text.SVC_Handler
                0x08000572        0xe Core\Src\stm32f3xx_it.o
                0x08000572                SVC_Handler
 .text.DebugMon_Handler
                0x08000580        0xe Core\Src\stm32f3xx_it.o
                0x08000580                DebugMon_Handler
 .text.PendSV_Handler
                0x0800058e        0xe Core\Src\stm32f3xx_it.o
                0x0800058e                PendSV_Handler
 .text.SysTick_Handler
                0x0800059c        0xe Core\Src\stm32f3xx_it.o
                0x0800059c                SysTick_Handler
 *fill*         0x080005aa        0x2 
 .text.SystemInit
                0x080005ac       0x24 Core\Src\system_stm32f3xx.o
                0x080005ac                SystemInit
 .text.LL_InitTick
                0x080005d0       0x34 Drivers\STM32F3xx_HAL_Driver\Src\stm32f3xx_ll_utils.o
 .text.LL_Init1msTick
                0x08000604       0x1a Drivers\STM32F3xx_HAL_Driver\Src\stm32f3xx_ll_utils.o
                0x08000604                LL_Init1msTick
 *fill*         0x0800061e        0x2 
 .text.LL_SetSystemCoreClock
                0x08000620       0x20 Drivers\STM32F3xx_HAL_Driver\Src\stm32f3xx_ll_utils.o
                0x08000620                LL_SetSystemCoreClock
 .text.Reset_Handler
                0x08000640       0x50 startup\startup_stm32f334x8.o
                0x08000640                Reset_Handler
 .text.Default_Handler
                0x08000690        0x2 startup\startup_stm32f334x8.o
                0x08000690                RTC_Alarm_IRQHandler
                0x08000690                HRTIM1_Master_IRQHandler
                0x08000690                TIM1_CC_IRQHandler
                0x08000690                HRTIM1_FLT_IRQHandler
                0x08000690                PVD_IRQHandler
                0x08000690                HRTIM1_TIMD_IRQHandler
                0x08000690                TAMP_STAMP_IRQHandler
                0x08000690                EXTI3_IRQHandler
                0x08000690                EXTI0_IRQHandler
                0x08000690                FPU_IRQHandler
                0x08000690                CAN_TX_IRQHandler
                0x08000690                TIM1_UP_TIM16_IRQHandler
                0x08000690                ADC1_2_IRQHandler
                0x08000690                HRTIM1_TIME_IRQHandler
                0x08000690                SPI1_IRQHandler
                0x08000690                CAN_SCE_IRQHandler
                0x08000690                HRTIM1_TIMC_IRQHandler
                0x08000690                DMA1_Channel4_IRQHandler
                0x08000690                USART3_IRQHandler
                0x08000690                DMA1_Channel7_IRQHandler
                0x08000690                TIM7_DAC2_IRQHandler
                0x08000690                CAN_RX1_IRQHandler
                0x08000690                I2C1_EV_IRQHandler
                0x08000690                DMA1_Channel6_IRQHandler
                0x08000690                TIM3_IRQHandler
                0x08000690                RCC_IRQHandler
                0x08000690                DMA1_Channel1_IRQHandler
                0x08000690                Default_Handler
                0x08000690                EXTI15_10_IRQHandler
                0x08000690                COMP2_IRQHandler
                0x08000690                HRTIM1_TIMA_IRQHandler
                0x08000690                TIM6_DAC1_IRQHandler
                0x08000690                EXTI9_5_IRQHandler
                0x08000690                RTC_WKUP_IRQHandler
                0x08000690                DMA1_Channel5_IRQHandler
                0x08000690                EXTI4_IRQHandler
                0x08000690                HRTIM1_TIMB_IRQHandler
                0x08000690                TIM1_TRG_COM_TIM17_IRQHandler
                0x08000690                DMA1_Channel3_IRQHandler
                0x08000690                WWDG_IRQHandler
                0x08000690                TIM2_IRQHandler
                0x08000690                EXTI1_IRQHandler
                0x08000690                COMP4_6_IRQHandler
                0x08000690                USART2_IRQHandler
                0x08000690                DMA1_Channel2_IRQHandler
                0x08000690                FLASH_IRQHandler
                0x08000690                USART1_IRQHandler
                0x08000690                CAN_RX0_IRQHandler
                0x08000690                I2C1_ER_IRQHandler
                0x08000690                EXTI2_TSC_IRQHandler
                0x08000690                TIM1_BRK_TIM15_IRQHandler
 *fill*         0x08000692        0x2 
 .text.__libc_init_array
                0x08000694       0x48 c:/program files (x86)/atollic/truestudio for stm32 9.3.0/armtools/bin/../lib/gcc/arm-atollic-eabi/6.3.1/../../../../arm-atollic-eabi/lib/armv7e-m/fpu\libc_nano.a(lib_a-init.o)
                0x08000694                __libc_init_array
 *(.glue_7)
 .glue_7        0x080006dc        0x0 linker stubs
 *(.glue_7t)
 .glue_7t       0x080006dc        0x0 linker stubs
 *(.eh_frame)
 .eh_frame      0x080006dc        0x0 c:/program files (x86)/atollic/truestudio for stm32 9.3.0/armtools/bin/../lib/gcc/arm-atollic-eabi/6.3.1/armv7e-m/fpu/crtbegin.o
 *(.init)
 .init          0x080006dc        0x4 c:/program files (x86)/atollic/truestudio for stm32 9.3.0/armtools/bin/../lib/gcc/arm-atollic-eabi/6.3.1/armv7e-m/fpu/crti.o
                0x080006dc                _init
 .init          0x080006e0        0x8 c:/program files (x86)/atollic/truestudio for stm32 9.3.0/armtools/bin/../lib/gcc/arm-atollic-eabi/6.3.1/armv7e-m/fpu/crtn.o
 *(.fini)
 .fini          0x080006e8        0x4 c:/program files (x86)/atollic/truestudio for stm32 9.3.0/armtools/bin/../lib/gcc/arm-atollic-eabi/6.3.1/armv7e-m/fpu/crti.o
                0x080006e8                _fini
 .fini          0x080006ec        0x8 c:/program files (x86)/atollic/truestudio for stm32 9.3.0/armtools/bin/../lib/gcc/arm-atollic-eabi/6.3.1/armv7e-m/fpu/crtn.o
                0x080006f4                . = ALIGN (0x4)
                0x080006f4                _etext = .

.vfp11_veneer   0x080006f4        0x0
 .vfp11_veneer  0x080006f4        0x0 linker stubs

.v4_bx          0x080006f4        0x0
 .v4_bx         0x080006f4        0x0 linker stubs

.iplt           0x080006f4        0x0
 .iplt          0x080006f4        0x0 c:/program files (x86)/atollic/truestudio for stm32 9.3.0/armtools/bin/../lib/gcc/arm-atollic-eabi/6.3.1/armv7e-m/fpu/crtbegin.o

.rel.dyn        0x080006f4        0x0
 .rel.iplt      0x080006f4        0x0 c:/program files (x86)/atollic/truestudio for stm32 9.3.0/armtools/bin/../lib/gcc/arm-atollic-eabi/6.3.1/armv7e-m/fpu/crtbegin.o

.rodata         0x080006f4        0x0
                0x080006f4                . = ALIGN (0x4)
 *(.rodata)
 *(.rodata*)
                0x080006f4                . = ALIGN (0x4)

.ARM.extab
 *(.ARM.extab* .gnu.linkonce.armextab.*)

.ARM            0x080006f4        0x0
                0x080006f4                __exidx_start = .
 *(.ARM.exidx*)
                0x080006f4                __exidx_end = .

.preinit_array  0x080006f4        0x0
                0x080006f4                PROVIDE (__preinit_array_start, .)
 *(.preinit_array*)
                0x080006f4                PROVIDE (__preinit_array_end, .)

.init_array     0x080006f4        0x4
                0x080006f4                PROVIDE (__init_array_start, .)
 *(SORT(.init_array.*))
 *(.init_array*)
 .init_array    0x080006f4        0x4 c:/program files (x86)/atollic/truestudio for stm32 9.3.0/armtools/bin/../lib/gcc/arm-atollic-eabi/6.3.1/armv7e-m/fpu/crtbegin.o
                0x080006f8                PROVIDE (__init_array_end, .)

.fini_array     0x080006f8        0x4
                [!provide]                PROVIDE (__fini_array_start, .)
 *(SORT(.fini_array.*))
 *(.fini_array*)
 .fini_array    0x080006f8        0x4 c:/program files (x86)/atollic/truestudio for stm32 9.3.0/armtools/bin/../lib/gcc/arm-atollic-eabi/6.3.1/armv7e-m/fpu/crtbegin.o
                [!provide]                PROVIDE (__fini_array_end, .)
                0x080006fc                _sidata = LOADADDR (.data)

.data           0x20000000        0x4 load address 0x080006fc
                0x20000000                . = ALIGN (0x4)
                0x20000000                _sdata = .
 *(.data)
 *(.data*)
 .data.SystemCoreClock
                0x20000000        0x4 Core\Src\system_stm32f3xx.o
                0x20000000                SystemCoreClock
                0x20000004                . = ALIGN (0x4)
                0x20000004                _edata = .
                0x08000700                _siccmram = LOADADDR (.ccmram)

.igot.plt       0x20000004        0x0 load address 0x08000700
 .igot.plt      0x20000004        0x0 c:/program files (x86)/atollic/truestudio for stm32 9.3.0/armtools/bin/../lib/gcc/arm-atollic-eabi/6.3.1/armv7e-m/fpu/crtbegin.o

.ccmram         0x10000000        0x0 load address 0x08000700
                0x10000000                . = ALIGN (0x4)
                0x10000000                _sccmram = .
 *(.ccmram)
 *(.ccmram*)
                0x10000000                . = ALIGN (0x4)
                0x10000000                _eccmram = .
                0x10000000                . = ALIGN (0x4)

.bss            0x20000004       0x1c
                0x20000004                _sbss = .
                0x20000004                __bss_start__ = _sbss
 *(.bss)
 .bss           0x20000004       0x1c c:/program files (x86)/atollic/truestudio for stm32 9.3.0/armtools/bin/../lib/gcc/arm-atollic-eabi/6.3.1/armv7e-m/fpu/crtbegin.o
 *(.bss*)
 *(COMMON)
                0x20000020                . = ALIGN (0x4)
                0x20000020                _ebss = .
                0x20000020                __bss_end__ = _ebss

._user_heap_stack
                0x20000020       0x80
                0x20000020                . = ALIGN (0x4)
                0x20000020                PROVIDE (end, .)
                [!provide]                PROVIDE (_end, .)
                0x20000020                . = (. + _Min_Heap_Size)
                0x200000a0                . = (. + _Min_Stack_Size)
 *fill*         0x20000020       0x80 
                0x200000a0                . = ALIGN (0x4)

.memory_b1_text
 *(.mb1text)
 *(.mb1text*)
 *(.mb1rodata)
 *(.mb1rodata*)

/DISCARD/
 libc.a(*)
 libm.a(*)
 libgcc.a(*)

.ARM.attributes
                0x00000000       0x30
 *(.ARM.attributes)
 .ARM.attributes
                0x00000000       0x22 c:/program files (x86)/atollic/truestudio for stm32 9.3.0/armtools/bin/../lib/gcc/arm-atollic-eabi/6.3.1/armv7e-m/fpu/crti.o
 .ARM.attributes
                0x00000022       0x34 c:/program files (x86)/atollic/truestudio for stm32 9.3.0/armtools/bin/../lib/gcc/arm-atollic-eabi/6.3.1/armv7e-m/fpu/crtbegin.o
 .ARM.attributes
                0x00000056       0x39 Core\Src\main.o
 .ARM.attributes
                0x0000008f       0x39 Core\Src\stm32f3xx_it.o
 .ARM.attributes
                0x000000c8       0x39 Core\Src\system_stm32f3xx.o
 .ARM.attributes
                0x00000101       0x39 Drivers\STM32F3xx_HAL_Driver\Src\stm32f3xx_ll_utils.o
 .ARM.attributes
                0x0000013a       0x21 startup\startup_stm32f334x8.o
 .ARM.attributes
                0x0000015b       0x34 c:/program files (x86)/atollic/truestudio for stm32 9.3.0/armtools/bin/../lib/gcc/arm-atollic-eabi/6.3.1/../../../../arm-atollic-eabi/lib/armv7e-m/fpu\libc_nano.a(lib_a-init.o)
 .ARM.attributes
                0x0000018f       0x22 c:/program files (x86)/atollic/truestudio for stm32 9.3.0/armtools/bin/../lib/gcc/arm-atollic-eabi/6.3.1/armv7e-m/fpu/crtn.o
OUTPUT(Smart_Pillbox.elf elf32-littlearm)

.debug_info     0x00000000     0x1872
 .debug_info    0x00000000      0x9c1 Core\Src\main.o
 .debug_info    0x000009c1      0x1d5 Core\Src\stm32f3xx_it.o
 .debug_info    0x00000b96      0x403 Core\Src\system_stm32f3xx.o
 .debug_info    0x00000f99      0x832 Drivers\STM32F3xx_HAL_Driver\Src\stm32f3xx_ll_utils.o
 .debug_info    0x000017cb       0xa7 startup\startup_stm32f334x8.o

.debug_abbrev   0x00000000      0x649
 .debug_abbrev  0x00000000      0x1fd Core\Src\main.o
 .debug_abbrev  0x000001fd       0xa0 Core\Src\stm32f3xx_it.o
 .debug_abbrev  0x0000029d      0x10e Core\Src\system_stm32f3xx.o
 .debug_abbrev  0x000003ab      0x28c Drivers\STM32F3xx_HAL_Driver\Src\stm32f3xx_ll_utils.o
 .debug_abbrev  0x00000637       0x12 startup\startup_stm32f334x8.o

.debug_aranges  0x00000000      0x250
 .debug_aranges
                0x00000000       0xb0 Core\Src\main.o
 .debug_aranges
                0x000000b0       0x60 Core\Src\stm32f3xx_it.o
 .debug_aranges
                0x00000110       0x28 Core\Src\system_stm32f3xx.o
 .debug_aranges
                0x00000138       0xf0 Drivers\STM32F3xx_HAL_Driver\Src\stm32f3xx_ll_utils.o
 .debug_aranges
                0x00000228       0x28 startup\startup_stm32f334x8.o

.debug_ranges   0x00000000      0x208
 .debug_ranges  0x00000000       0xa0 Core\Src\main.o
 .debug_ranges  0x000000a0       0x50 Core\Src\stm32f3xx_it.o
 .debug_ranges  0x000000f0       0x18 Core\Src\system_stm32f3xx.o
 .debug_ranges  0x00000108       0xe0 Drivers\STM32F3xx_HAL_Driver\Src\stm32f3xx_ll_utils.o
 .debug_ranges  0x000001e8       0x20 startup\startup_stm32f334x8.o

.debug_line     0x00000000      0xda9
 .debug_line    0x00000000      0x3ff Core\Src\main.o
 .debug_line    0x000003ff      0x271 Core\Src\stm32f3xx_it.o
 .debug_line    0x00000670      0x1da Core\Src\system_stm32f3xx.o
 .debug_line    0x0000084a      0x4de Drivers\STM32F3xx_HAL_Driver\Src\stm32f3xx_ll_utils.o
 .debug_line    0x00000d28       0x81 startup\startup_stm32f334x8.o

.debug_str      0x00000000      0xcce
 .debug_str     0x00000000      0x8a8 Core\Src\main.o
                                0x928 (size before relaxing)
 .debug_str     0x000008a8       0xab Core\Src\stm32f3xx_it.o
                                0x2e1 (size before relaxing)
 .debug_str     0x00000953       0x5f Core\Src\system_stm32f3xx.o
                                0x333 (size before relaxing)
 .debug_str     0x000009b2      0x31c Drivers\STM32F3xx_HAL_Driver\Src\stm32f3xx_ll_utils.o
                                0x6b4 (size before relaxing)

.comment        0x00000000       0x7c
 .comment       0x00000000       0x7c Core\Src\main.o
                                 0x7d (size before relaxing)
 .comment       0x0000007c       0x7d Core\Src\stm32f3xx_it.o
 .comment       0x0000007c       0x7d Core\Src\system_stm32f3xx.o
 .comment       0x0000007c       0x7d Drivers\STM32F3xx_HAL_Driver\Src\stm32f3xx_ll_utils.o

.debug_frame    0x00000000      0x820
 .debug_frame   0x00000000      0x2b8 Core\Src\main.o
 .debug_frame   0x000002b8      0x108 Core\Src\stm32f3xx_it.o
 .debug_frame   0x000003c0       0x58 Core\Src\system_stm32f3xx.o
 .debug_frame   0x00000418      0x3dc Drivers\STM32F3xx_HAL_Driver\Src\stm32f3xx_ll_utils.o
 .debug_frame   0x000007f4       0x2c c:/program files (x86)/atollic/truestudio for stm32 9.3.0/armtools/bin/../lib/gcc/arm-atollic-eabi/6.3.1/../../../../arm-atollic-eabi/lib/armv7e-m/fpu\libc_nano.a(lib_a-init.o)
